[0m13:26:59.833841 [debug] [MainThread]: Sending event: {'category': 'dbt', 'action': 'invocation', 'label': 'start', 'context': [<snowplow_tracker.self_describing_json.SelfDescribingJson object at 0x000002010B9F52B0>, <snowplow_tracker.self_describing_json.SelfDescribingJson object at 0x000002010E087ED0>, <snowplow_tracker.self_describing_json.SelfDescribingJson object at 0x000002010E087B10>]}


============================== 13:26:59.882767 | 078c824a-5733-4a99-87d6-c33151de68a1 ==============================
[0m13:26:59.882767 [info ] [MainThread]: Running with dbt=1.12.5
[0m13:26:59.883479 [debug] [MainThread]: running dbt with arguments {'maximum_seed_size_mib': '1', 'no_print': 'None', 'version_check': 'True', 'target_path': 'None', 'warn_error_options': 'WarnErrorOptionsV2(error=[], warn=[], silence=[])', 'static_parser': 'True', 'printer_width': '80', 'write_json': 'True', 'empty': 'None', 'log_cache_events': 'False', 'introspect': 'True', 'cache_selected_only': 'False', 'fail_fast': 'False', 'debug': 'False', 'log_format': 'default', 'partial_parse': 'True', 'send_anonymous_usage_stats': 'True', 'quiet': 'False', 'warn_error': 'None', 'profiles_dir': 'C:\\Users\\ricka\\.dbt', 'indirect_selection': 'eager', 'hints_enabled': 'True', 'invocation_command': 'dbt init', 'use_experimental_parser': 'False', 'use_colors': 'True', 'log_path': 'logs'}
[0m13:26:59.987527 [info ] [MainThread]: Creating dbt configuration folder at C:\Users\ricka\.dbt
[0m13:27:30.947989 [debug] [MainThread]: Starter project path: C:\Users\ricka\Documents\Course\modern-data-stack-course\.venv\Lib\site-packages\dbt\include\starter_project
[0m13:27:30.989527 [info ] [MainThread]: Setting up your profile.
[0m13:28:03.306035 [debug] [MainThread]: Snowflake adapter: Setting snowflake.connector to ERROR (file logging only)
[0m13:28:03.306636 [debug] [MainThread]: Snowflake adapter: Setting botocore to ERROR (file logging only)
[0m13:28:03.307080 [debug] [MainThread]: Snowflake adapter: Setting boto3 to ERROR (file logging only)
[0m13:34:25.032079 [error] [MainThread]: [[31mERROR[0m]: Encountered an error:

[0m13:34:25.042963 [error] [MainThread]: Traceback (most recent call last):
  File "C:\Users\ricka\Documents\Course\modern-data-stack-course\.venv\Lib\site-packages\dbt\cli\requires.py", line 198, in wrapper
    result, success = func(*args, **kwargs)
                      ~~~~^^^^^^^^^^^^^^^^^
  File "C:\Users\ricka\Documents\Course\modern-data-stack-course\.venv\Lib\site-packages\dbt\cli\requires.py", line 144, in wrapper
    return func(*args, **kwargs)
  File "C:\Users\ricka\Documents\Course\modern-data-stack-course\.venv\Lib\site-packages\dbt\cli\main.py", line 504, in init
    results = task.run()
  File "C:\Users\ricka\Documents\Course\modern-data-stack-course\.venv\Lib\site-packages\dbt\task\init.py", line 363, in run
    self.setup_profile(profile_name)
    ~~~~~~~~~~~~~~~~~~^^^^^^^^^^^^^^
  File "C:\Users\ricka\Documents\Course\modern-data-stack-course\.venv\Lib\site-packages\dbt\task\init.py", line 265, in setup_profile
    self.create_profile_from_target(adapter, profile_name=profile_name)
    ~~~~~~~~~~~~~~~~~~~~~~~~~~~~~~~^^^^^^^^^^^^^^^^^^^^^^^^^^^^^^^^^^^^
  File "C:\Users\ricka\Documents\Course\modern-data-stack-course\.venv\Lib\site-packages\dbt\task\init.py", line 182, in create_profile_from_target
    self.create_profile_from_profile_template(profile_template, profile_name)
    ~~~~~~~~~~~~~~~~~~~~~~~~~~~~~~~~~~~~~~~~~^^^^^^^^^^^^^^^^^^^^^^^^^^^^^^^^
  File "C:\Users\ricka\Documents\Course\modern-data-stack-course\.venv\Lib\site-packages\dbt\task\init.py", line 166, in create_profile_from_profile_template
    target = self.generate_target_from_input(prompts, initial_target)
  File "C:\Users\ricka\Documents\Course\modern-data-stack-course\.venv\Lib\site-packages\dbt\task\init.py", line 132, in generate_target_from_input
    target[key] = click.prompt(
                  ~~~~~~~~~~~~^
        text, default=default, hide_input=hide_input, type=type
        ^^^^^^^^^^^^^^^^^^^^^^^^^^^^^^^^^^^^^^^^^^^^^^^^^^^^^^^
    )
    ^
  File "C:\Users\ricka\Documents\Course\modern-data-stack-course\.venv\Lib\site-packages\click\termui.py", line 262, in prompt
    value = prompt_func(prompt)
  File "C:\Users\ricka\Documents\Course\modern-data-stack-course\.venv\Lib\site-packages\click\termui.py", line 245, in prompt_func
    raise Abort() from None
click.exceptions.Abort

[0m13:34:25.047234 [debug] [MainThread]: Command `dbt init` failed at 13:34:25.046863 after 445.40 seconds
[0m13:34:25.048295 [debug] [MainThread]: Sending event: {'category': 'dbt', 'action': 'invocation', 'label': 'end', 'context': [<snowplow_tracker.self_describing_json.SelfDescribingJson object at 0x00000201209A1E00>, <snowplow_tracker.self_describing_json.SelfDescribingJson object at 0x00000201209AD5B0>, <snowplow_tracker.self_describing_json.SelfDescribingJson object at 0x0000020120BE1040>]}
[0m13:34:25.049433 [debug] [MainThread]: Flushing usage events
[0m13:34:57.041503 [debug] [MainThread]: Sending event: {'category': 'dbt', 'action': 'invocation', 'label': 'start', 'context': [<snowplow_tracker.self_describing_json.SelfDescribingJson object at 0x0000022204AD67B0>, <snowplow_tracker.self_describing_json.SelfDescribingJson object at 0x00000222070FFED0>, <snowplow_tracker.self_describing_json.SelfDescribingJson object at 0x00000222070FFB10>]}


============================== 13:34:57.045936 | f3f46b3a-19ec-47bb-95f1-f09d8a1b0850 ==============================
[0m13:34:57.045936 [info ] [MainThread]: Running with dbt=1.12.5
[0m13:34:57.046617 [debug] [MainThread]: running dbt with arguments {'static_parser': 'True', 'no_print': 'None', 'version_check': 'True', 'warn_error_options': 'WarnErrorOptionsV2(error=[], warn=[], silence=[])', 'target_path': 'None', 'maximum_seed_size_mib': '1', 'printer_width': '80', 'write_json': 'True', 'introspect': 'True', 'log_cache_events': 'False', 'empty': 'None', 'cache_selected_only': 'False', 'fail_fast': 'False', 'debug': 'False', 'log_format': 'default', 'partial_parse': 'True', 'send_anonymous_usage_stats': 'True', 'quiet': 'False', 'warn_error': 'None', 'profiles_dir': 'C:\\Users\\ricka\\.dbt', 'invocation_command': 'dbt init', 'hints_enabled': 'True', 'indirect_selection': 'eager', 'use_experimental_parser': 'False', 'use_colors': 'True', 'log_path': 'logs'}
[0m13:35:24.136167 [info ] [MainThread]: A project called dbt_code already exists here.
[0m13:35:24.138792 [debug] [MainThread]: Command `dbt init` succeeded at 13:35:24.138476 after 27.28 seconds
[0m13:35:24.139998 [debug] [MainThread]: Sending event: {'category': 'dbt', 'action': 'invocation', 'label': 'end', 'context': [<snowplow_tracker.self_describing_json.SelfDescribingJson object at 0x00000222071B48A0>, <snowplow_tracker.self_describing_json.SelfDescribingJson object at 0x0000022206FA28D0>, <snowplow_tracker.self_describing_json.SelfDescribingJson object at 0x000002220712F790>]}
[0m13:35:24.141049 [debug] [MainThread]: Flushing usage events
[0m13:35:25.015566 [debug] [MainThread]: An error was encountered while trying to flush usage events
