[0m12:29:35.000181 [debug] [MainThread]: Sending event: {'category': 'dbt', 'action': 'invocation', 'label': 'start', 'context': [<snowplow_tracker.self_describing_json.SelfDescribingJson object at 0x0000029A1FE70EC0>, <snowplow_tracker.self_describing_json.SelfDescribingJson object at 0x0000029A2249FED0>, <snowplow_tracker.self_describing_json.SelfDescribingJson object at 0x0000029A2249FB10>]}


============================== 12:29:35.113294 | 56fd525e-8589-4569-9753-1e3ee81afb66 ==============================
[0m12:29:35.113294 [info ] [MainThread]: Running with dbt=1.12.5
[0m12:29:35.114137 [debug] [MainThread]: running dbt with arguments {'version_check': 'True', 'no_print': 'None', 'static_parser': 'True', 'warn_error_options': 'WarnErrorOptionsV2(error=[], warn=[], silence=[])', 'target_path': 'None', 'maximum_seed_size_mib': '1', 'printer_width': '80', 'write_json': 'True', 'empty': 'None', 'log_cache_events': 'False', 'introspect': 'True', 'cache_selected_only': 'False', 'fail_fast': 'False', 'debug': 'False', 'log_format': 'default', 'partial_parse': 'True', 'send_anonymous_usage_stats': 'True', 'quiet': 'False', 'warn_error': 'None', 'profiles_dir': 'C:\\Users\\Rickard\\.dbt', 'use_colors': 'True', 'hints_enabled': 'True', 'invocation_command': 'dbt init dbt_code', 'use_experimental_parser': 'False', 'indirect_selection': 'eager', 'log_path': 'logs'}
[0m12:29:35.337278 [debug] [MainThread]: Starter project path: C:\Users\Rickard\Documents\github\modern-data-stack-course\.venv\Lib\site-packages\dbt\include\starter_project
[0m12:29:35.355953 [info ] [MainThread]: Setting up your profile.
[0m12:29:53.435727 [debug] [MainThread]: Snowflake adapter: Setting snowflake.connector to ERROR (file logging only)
[0m12:29:53.436221 [debug] [MainThread]: Snowflake adapter: Setting botocore to ERROR (file logging only)
[0m12:29:53.436560 [debug] [MainThread]: Snowflake adapter: Setting boto3 to ERROR (file logging only)
[0m12:35:37.539290 [info ] [MainThread]: Profile dbt_code written to C:\Users\Rickard\.dbt\profiles.yml using target's profile_template.yml and your supplied values.
[0m12:35:37.555257 [info ] [MainThread]: Running dbt debug to validate the project...
[0m12:35:37.556001 [info ] [MainThread]: dbt version: 1.12.5
[0m12:35:37.556427 [info ] [MainThread]: python version: 3.13.5
[0m12:35:37.556914 [info ] [MainThread]: python path: C:\Users\Rickard\Documents\github\modern-data-stack-course\.venv\Scripts\python.exe
[0m12:35:37.557419 [info ] [MainThread]: os info: Windows-10-10.0.19045-SP0
[0m12:35:37.633223 [info ] [MainThread]: Using profiles dir at C:\Users\Rickard\.dbt
[0m12:35:37.633766 [info ] [MainThread]: Using profiles.yml file at C:\Users\Rickard\.dbt\profiles.yml
[0m12:35:37.634216 [info ] [MainThread]: Using dbt_project.yml file at C:\Users\Rickard\Documents\github\modern-data-stack-course\09_setup_dbt\dbt_code\dbt_project.yml
[0m12:35:37.636406 [info ] [MainThread]: adapter type: snowflake
[0m12:35:37.636858 [info ] [MainThread]: adapter version: 1.12.1
[0m12:35:37.760714 [info ] [MainThread]: Configuration:
[0m12:35:37.761324 [info ] [MainThread]:   profiles.yml file [[32mOK found and valid[0m]
[0m12:35:37.761773 [info ] [MainThread]:   dbt_project.yml file [[32mOK found and valid[0m]
[0m12:35:37.762215 [info ] [MainThread]: Required dependencies:
[0m12:35:37.762656 [debug] [MainThread]: Executing "git --help"
[0m12:35:37.790602 [debug] [MainThread]: STDOUT: "b"usage: git [-v | --version] [-h | --help] [-C <path>] [-c <name>=<value>]\n           [--exec-path[=<path>]] [--html-path] [--man-path] [--info-path]\n           [-p | --paginate | -P | --no-pager] [--no-replace-objects] [--no-lazy-fetch]\n           [--no-optional-locks] [--no-advice] [--bare] [--git-dir=<path>]\n           [--work-tree=<path>] [--namespace=<name>] [--config-env=<name>=<envvar>]\n           <command> [<args>]\n\nThese are common Git commands used in various situations:\n\nstart a working area (see also: git help tutorial)\n   clone      Clone a repository into a new directory\n   init       Create an empty Git repository or reinitialize an existing one\n\nwork on the current change (see also: git help everyday)\n   add        Add file contents to the index\n   mv         Move or rename a file, a directory, or a symlink\n   restore    Restore working tree files\n   rm         Remove files from the working tree and from the index\n\nexamine the history and state (see also: git help revisions)\n   bisect     Use binary search to find the commit that introduced a bug\n   diff       Show changes between commits, commit and working tree, etc\n   grep       Print lines matching a pattern\n   log        Show commit logs\n   show       Show various types of objects\n   status     Show the working tree status\n\ngrow, mark and tweak your common history\n   backfill   Download missing objects in a partial clone\n   branch     List, create, or delete branches\n   commit     Record changes to the repository\n   merge      Join two or more development histories together\n   rebase     Reapply commits on top of another base tip\n   reset      Reset current HEAD to the specified state\n   switch     Switch branches\n   tag        Create, list, delete or verify a tag object signed with GPG\n\ncollaborate (see also: git help workflows)\n   fetch      Download objects and refs from another repository\n   pull       Fetch from and integrate with another repository or a local branch\n   push       Update remote refs along with associated objects\n\n'git help -a' and 'git help -g' list available subcommands and some\nconcept guides. See 'git help <command>' or 'git help <concept>'\nto read about a specific subcommand or concept.\nSee 'git help git' for an overview of the system.\n""
[0m12:35:37.791084 [debug] [MainThread]: STDERR: "b''"
[0m12:35:37.791394 [info ] [MainThread]:  - git [[32mOK found[0m]

[0m12:35:37.791831 [info ] [MainThread]: Connection:
[0m12:35:37.792280 [info ] [MainThread]:   account: uo17215.sweden-central
[0m12:35:37.792710 [info ] [MainThread]:   user: transformer
[0m12:35:37.793128 [info ] [MainThread]:   database: job_ads
[0m12:35:37.793519 [info ] [MainThread]:   warehouse: dev_wh
[0m12:35:37.793909 [info ] [MainThread]:   role: job_ads_dbt_role
[0m12:35:37.794308 [info ] [MainThread]:   schema: warehouse
[0m12:35:37.794691 [info ] [MainThread]:   authenticator: None
[0m12:35:37.795071 [info ] [MainThread]:   oauth_client_id: None
[0m12:35:37.795467 [info ] [MainThread]:   query_tag: None
[0m12:35:37.795858 [info ] [MainThread]:   client_session_keep_alive: False
[0m12:35:37.796259 [info ] [MainThread]:   host: None
[0m12:35:37.796623 [info ] [MainThread]:   port: None
[0m12:35:37.797010 [info ] [MainThread]:   proxy_host: None
[0m12:35:37.797447 [info ] [MainThread]:   proxy_port: None
[0m12:35:37.797842 [info ] [MainThread]:   protocol: None
[0m12:35:37.798232 [info ] [MainThread]:   connect_retries: 1
[0m12:35:37.798634 [info ] [MainThread]:   connect_timeout: None
[0m12:35:37.799032 [info ] [MainThread]:   retry_on_database_errors: False
[0m12:35:37.799430 [info ] [MainThread]:   retry_all: False
[0m12:35:37.799827 [info ] [MainThread]:   insecure_mode: False
[0m12:35:37.800225 [info ] [MainThread]:   reuse_connections: True
[0m12:35:37.800620 [info ] [MainThread]:   s3_stage_vpce_dns_name: None
[0m12:35:37.801012 [info ] [MainThread]:   workload_identity_provider: None
[0m12:35:37.802922 [info ] [MainThread]:   workload_identity_entra_resource: None
[0m12:35:37.806161 [info ] [MainThread]:   platform_detection_timeout_seconds: 0.0
[0m12:35:37.807673 [info ] [MainThread]: Registered adapter: snowflake=1.12.1
[0m12:35:38.300836 [debug] [MainThread]: Acquiring new snowflake connection 'debug'
[0m12:35:38.313858 [debug] [MainThread]: Using snowflake connection "debug"
[0m12:35:38.314215 [debug] [MainThread]: On debug: select 1 as id
[0m12:35:38.314591 [debug] [MainThread]: Opening a new connection, currently in state init
[0m12:35:41.449533 [debug] [MainThread]: Snowflake adapter: Error running SQL: select 1 as id
[0m12:35:41.449938 [debug] [MainThread]: Snowflake adapter: Rolling back transaction.
[0m12:35:41.450258 [info ] [MainThread]:   Connection test: [[31mERROR[0m]

[0m12:35:41.450767 [info ] [MainThread]: [31m1 check failed:[0m
[0m12:35:41.451273 [info ] [MainThread]: dbt was unable to connect to the specified database.
The database returned the following error:

  >Database Error
  250001: Could not connect to Snowflake backend after 2 attempt(s).Aborting
  Verify that the hostnames and port numbers in SYSTEM$ALLOWLIST are added to your firewall's allowed list.
  To further troubleshoot your connection you may reference the following article: https://docs.snowflake.com/en/user-guide/client-connectivity-troubleshooting/overview.

Check your database credentials and try again. For more information, visit:
https://docs.getdbt.com/docs/configure-your-profile


[0m12:35:41.451787 [info ] [MainThread]: Your new dbt project "dbt_code" was created!
Initialized new project in C:\Users\Rickard\Documents\github\modern-data-stack-course\09_setup_dbt\dbt_code\dbt_code

For more information on how to configure the profiles.yml file,
please consult the dbt documentation here:

  https://docs.getdbt.com/docs/configure-your-profile

One more thing:

Need help? Don't hesitate to reach out to us via GitHub issues or on Slack:

  https://community.getdbt.com/

Happy modeling!

[0m12:35:41.452249 [info ] [MainThread]: [31mYour profile may need adjustments. You can find the logs of `dbt debug` above[0m
[0m12:35:41.453541 [debug] [MainThread]: Command `dbt init` succeeded at 12:35:41.453429 after 366.61 seconds
[0m12:35:41.453846 [debug] [MainThread]: Connection 'debug' was left open.
[0m12:35:41.454153 [debug] [MainThread]: On debug: No close available on handle
[0m12:35:41.454483 [debug] [MainThread]: Sending event: {'category': 'dbt', 'action': 'invocation', 'label': 'end', 'context': [<snowplow_tracker.self_describing_json.SelfDescribingJson object at 0x0000029A3D36A780>, <snowplow_tracker.self_describing_json.SelfDescribingJson object at 0x0000029A3D1927B0>, <snowplow_tracker.self_describing_json.SelfDescribingJson object at 0x0000029A3D115BF0>]}
[0m12:35:41.454874 [debug] [MainThread]: Flushing usage events
[0m12:35:42.359556 [debug] [MainThread]: An error was encountered while trying to flush usage events
[0m12:39:22.286723 [debug] [MainThread]: Sending event: {'category': 'dbt', 'action': 'invocation', 'label': 'start', 'context': [<snowplow_tracker.self_describing_json.SelfDescribingJson object at 0x0000025AC07FE3C0>, <snowplow_tracker.self_describing_json.SelfDescribingJson object at 0x0000025AC2E07ED0>, <snowplow_tracker.self_describing_json.SelfDescribingJson object at 0x0000025AC2E07B10>]}


============================== 12:39:22.290901 | 82dadeb8-b6ec-48fd-8129-f787a96047a4 ==============================
[0m12:39:22.290901 [info ] [MainThread]: Running with dbt=1.12.5
[0m12:39:22.291533 [debug] [MainThread]: running dbt with arguments {'maximum_seed_size_mib': '1', 'no_print': 'None', 'version_check': 'True', 'warn_error_options': 'WarnErrorOptionsV2(error=[], warn=[], silence=[])', 'static_parser': 'True', 'target_path': 'None', 'printer_width': '80', 'write_json': 'True', 'introspect': 'True', 'log_cache_events': 'False', 'empty': 'None', 'cache_selected_only': 'False', 'fail_fast': 'False', 'debug': 'False', 'log_format': 'default', 'partial_parse': 'True', 'send_anonymous_usage_stats': 'True', 'quiet': 'False', 'warn_error': 'None', 'profiles_dir': 'C:\\Users\\Rickard\\.dbt', 'invocation_command': 'dbt debug', 'hints_enabled': 'True', 'use_colors': 'True', 'use_experimental_parser': 'False', 'indirect_selection': 'eager', 'log_path': 'logs'}
[0m12:39:22.313659 [info ] [MainThread]: dbt version: 1.12.5
[0m12:39:22.314147 [info ] [MainThread]: python version: 3.13.5
[0m12:39:22.314567 [info ] [MainThread]: python path: C:\Users\Rickard\Documents\github\modern-data-stack-course\.venv\Scripts\python.exe
[0m12:39:22.314976 [info ] [MainThread]: os info: Windows-10-10.0.19045-SP0
[0m12:39:23.176704 [debug] [MainThread]: Snowflake adapter: Setting snowflake.connector to ERROR (file logging only)
[0m12:39:23.177144 [debug] [MainThread]: Snowflake adapter: Setting botocore to ERROR (file logging only)
[0m12:39:23.177473 [debug] [MainThread]: Snowflake adapter: Setting boto3 to ERROR (file logging only)
[0m12:39:23.325101 [info ] [MainThread]: Using profiles dir at C:\Users\Rickard\.dbt
[0m12:39:23.325580 [info ] [MainThread]: Using profiles.yml file at C:\Users\Rickard\.dbt\profiles.yml
[0m12:39:23.325982 [info ] [MainThread]: Using dbt_project.yml file at C:\Users\Rickard\Documents\github\modern-data-stack-course\09_setup_dbt\dbt_project.yml
[0m12:39:23.326430 [error] [MainThread]: [[31mERROR[0m]: Encountered an error:
Internal Error
  Profile should not be None if loading profile completed
[0m12:39:23.327696 [debug] [MainThread]: Command `dbt debug` failed at 12:39:23.327590 after 1.20 seconds
[0m12:39:23.328050 [debug] [MainThread]: Sending event: {'category': 'dbt', 'action': 'invocation', 'label': 'end', 'context': [<snowplow_tracker.self_describing_json.SelfDescribingJson object at 0x0000025ADC924E90>, <snowplow_tracker.self_describing_json.SelfDescribingJson object at 0x0000025ADC8716D0>, <snowplow_tracker.self_describing_json.SelfDescribingJson object at 0x0000025ADC77A580>]}
[0m12:39:23.328574 [debug] [MainThread]: Flushing usage events
[0m12:39:24.218891 [debug] [MainThread]: An error was encountered while trying to flush usage events
[0m13:57:01.134189 [debug] [MainThread]: Sending event: {'category': 'dbt', 'action': 'invocation', 'label': 'start', 'context': [<snowplow_tracker.self_describing_json.SelfDescribingJson object at 0x00000181465EE3C0>, <snowplow_tracker.self_describing_json.SelfDescribingJson object at 0x0000018148C43ED0>, <snowplow_tracker.self_describing_json.SelfDescribingJson object at 0x0000018148C439D0>]}


============================== 13:57:01.138457 | 02732106-634f-4db6-b1c5-3c270bac6161 ==============================
[0m13:57:01.138457 [info ] [MainThread]: Running with dbt=1.12.5
[0m13:57:01.139119 [debug] [MainThread]: running dbt with arguments {'maximum_seed_size_mib': '1', 'no_print': 'None', 'static_parser': 'True', 'target_path': 'None', 'version_check': 'True', 'warn_error_options': 'WarnErrorOptionsV2(error=[], warn=[], silence=[])', 'printer_width': '80', 'write_json': 'True', 'empty': 'False', 'log_cache_events': 'False', 'introspect': 'True', 'cache_selected_only': 'False', 'log_format': 'default', 'debug': 'False', 'fail_fast': 'False', 'profiles_dir': 'C:\\Users\\Rickard\\.dbt', 'send_anonymous_usage_stats': 'True', 'quiet': 'False', 'warn_error': 'None', 'partial_parse': 'True', 'invocation_command': 'dbt run', 'hints_enabled': 'True', 'indirect_selection': 'eager', 'use_experimental_parser': 'False', 'use_colors': 'True', 'log_path': 'logs'}
[0m13:57:01.139653 [error] [MainThread]: [[31mERROR[0m]: Encountered an error:
Runtime Error
  No dbt_project.yml found at expected path C:\Users\Rickard\Documents\github\modern-data-stack-course\09_setup_dbt\dbt_project.yml
  Verify that each entry within packages.yml (and their transitive dependencies) contains a file named dbt_project.yml
  
[0m13:57:01.140802 [debug] [MainThread]: Command `dbt run` failed at 13:57:01.140691 after 0.19 seconds
[0m13:57:01.141140 [debug] [MainThread]: Sending event: {'category': 'dbt', 'action': 'invocation', 'label': 'end', 'context': [<snowplow_tracker.self_describing_json.SelfDescribingJson object at 0x0000018148C33820>, <snowplow_tracker.self_describing_json.SelfDescribingJson object at 0x0000018148CC1010>, <snowplow_tracker.self_describing_json.SelfDescribingJson object at 0x0000018148CACF30>]}
[0m13:57:01.141491 [debug] [MainThread]: Flushing usage events
[0m13:57:02.067408 [debug] [MainThread]: An error was encountered while trying to flush usage events
[0m15:13:56.016523 [debug] [MainThread]: Sending event: {'category': 'dbt', 'action': 'invocation', 'label': 'start', 'context': [<snowplow_tracker.self_describing_json.SelfDescribingJson object at 0x000002B2A692E3C0>, <snowplow_tracker.self_describing_json.SelfDescribingJson object at 0x000002B2A8F83ED0>, <snowplow_tracker.self_describing_json.SelfDescribingJson object at 0x000002B2A8F839D0>]}


============================== 15:13:56.021627 | 0f874a05-6b64-40e6-b54d-df82ae91e6af ==============================
[0m15:13:56.021627 [info ] [MainThread]: Running with dbt=1.12.5
[0m15:13:56.022272 [debug] [MainThread]: running dbt with arguments {'static_parser': 'True', 'no_print': 'None', 'version_check': 'True', 'target_path': 'None', 'warn_error_options': 'WarnErrorOptionsV2(error=[], warn=[], silence=[])', 'maximum_seed_size_mib': '1', 'printer_width': '80', 'write_json': 'True', 'empty': 'False', 'log_cache_events': 'False', 'introspect': 'True', 'cache_selected_only': 'False', 'fail_fast': 'False', 'debug': 'False', 'log_format': 'default', 'profiles_dir': 'C:\\Users\\Rickard\\.dbt', 'send_anonymous_usage_stats': 'True', 'quiet': 'False', 'warn_error': 'None', 'partial_parse': 'True', 'use_colors': 'True', 'hints_enabled': 'True', 'invocation_command': 'dbt run', 'use_experimental_parser': 'False', 'indirect_selection': 'eager', 'log_path': 'logs'}
[0m15:13:56.022767 [error] [MainThread]: [[31mERROR[0m]: Encountered an error:
Runtime Error
  No dbt_project.yml found at expected path C:\Users\Rickard\Documents\github\modern-data-stack-course\09_setup_dbt\dbt_project.yml
  Verify that each entry within packages.yml (and their transitive dependencies) contains a file named dbt_project.yml
  
[0m15:13:56.023886 [debug] [MainThread]: Command `dbt run` failed at 15:13:56.023778 after 0.21 seconds
[0m15:13:56.024219 [debug] [MainThread]: Sending event: {'category': 'dbt', 'action': 'invocation', 'label': 'end', 'context': [<snowplow_tracker.self_describing_json.SelfDescribingJson object at 0x000002B2A8F73820>, <snowplow_tracker.self_describing_json.SelfDescribingJson object at 0x000002B2A8FF5010>, <snowplow_tracker.self_describing_json.SelfDescribingJson object at 0x000002B2A8FECF30>]}
[0m15:13:56.024559 [debug] [MainThread]: Flushing usage events
[0m15:13:56.937770 [debug] [MainThread]: An error was encountered while trying to flush usage events
